  ▲ Next.js 14.2.28
  - Local:        http://localhost:3001
  - Environments: .env

 ✓ Starting...
 ✓ Ready in 1329ms
 ○ Compiling /middleware ...
 ✓ Compiled /middleware in 1031ms (188 modules)
 ✓ Compiled /api/health in 463ms (110 modules)
 GET /api/health 200 in 596ms
Error: Cannot find module '/home/runner/work/orion-content/orion-content/.next/server/vendor-chunks/lib/worker.js'
    at Module._resolveFilename (node:internal/modules/cjs/loader:1207:15)
    at Module._load (node:internal/modules/cjs/loader:1038:27)
    at Function.executeUserEntryPoint [as runMain] (node:internal/modules/run_main:164:12)
    at MessagePort.<anonymous> (node:internal/main/worker_thread:192:26)
    at [nodejs.internal.kHybridDispatch] (node:internal/event_target:831:20)
    at MessagePort.<anonymous> (node:internal/per_context/messageport:23:28) {
  code: 'MODULE_NOT_FOUND',
  requireStack: []
}
 ⨯ uncaughtException: Error: Cannot find module '/home/runner/work/orion-content/orion-content/.next/server/vendor-chunks/lib/worker.js'
    at Module._resolveFilename (node:internal/modules/cjs/loader:1207:15)
    at Module._load (node:internal/modules/cjs/loader:1038:27)
    at Function.executeUserEntryPoint [as runMain] (node:internal/modules/run_main:164:12)
    at MessagePort.<anonymous> (node:internal/main/worker_thread:192:26)
    at [nodejs.internal.kHybridDispatch] (node:internal/event_target:831:20)
    at MessagePort.<anonymous> (node:internal/per_context/messageport:23:28) {
  code: 'MODULE_NOT_FOUND',
  requireStack: []
}
 ⨯ uncaughtException: Error: Cannot find module '/home/runner/work/orion-content/orion-content/.next/server/vendor-chunks/lib/worker.js'
    at Module._resolveFilename (node:internal/modules/cjs/loader:1207:15)
    at Module._load (node:internal/modules/cjs/loader:1038:27)
    at Function.executeUserEntryPoint [as runMain] (node:internal/modules/run_main:164:12)
    at MessagePort.<anonymous> (node:internal/main/worker_thread:192:26)
    at [nodejs.internal.kHybridDispatch] (node:internal/event_target:831:20)
    at MessagePort.<anonymous> (node:internal/per_context/messageport:23:28) {
  code: 'MODULE_NOT_FOUND',
  requireStack: []
}
Error: the worker thread exited
    at Worker.onWorkerExit (webpack-internal:///(rsc)/./node_modules/thread-stream/index.js:201:32)
    at Worker.emit (node:events:524:28)
    at [kOnExit] (node:internal/worker:322:10)
    at Worker.<computed>.onexit (node:internal/worker:230:20)
    at Worker.callbackTrampoline (node:internal/async_hooks:130:17)
 ⨯ uncaughtException: Error: the worker thread exited
    at Worker.onWorkerExit (webpack-internal:///(rsc)/./node_modules/thread-stream/index.js:201:32)
    at Worker.emit (node:events:524:28)
    at [kOnExit] (node:internal/worker:322:10)
    at Worker.<computed>.onexit (node:internal/worker:230:20)
    at Worker.callbackTrampoline (node:internal/async_hooks:130:17)
 ⨯ uncaughtException: Error: the worker thread exited
    at Worker.onWorkerExit (webpack-internal:///(rsc)/./node_modules/thread-stream/index.js:201:32)
    at Worker.emit (node:events:524:28)
    at [kOnExit] (node:internal/worker:322:10)
    at Worker.<computed>.onexit (node:internal/worker:230:20)
    at Worker.callbackTrampoline (node:internal/async_hooks:130:17)
 ✓ Compiled /api/ops/status in 47ms (112 modules)
 GET /api/ops/status 401 in 95ms
 GET /api/ops/status 200 in 8ms
 ✓ Compiled /api/ops/metrics in 44ms (114 modules)
 GET /api/ops/metrics 200 in 82ms
 ○ Compiling /_not-found ...
<w> [webpack.cache.PackFileCacheStrategy] Serializing big strings (128kiB) impacts deserialization performance (consider using Buffer instead and decode when needed)
 ✓ Compiled /_not-found in 5.9s (719 modules)
 GET /api/nonexistent 404 in 6059ms
 ✓ Compiled in 422ms (320 modules)
 GET /api/health 503 in 52ms
Error: Cannot find module '/home/runner/work/orion-content/orion-content/.next/server/vendor-chunks/lib/worker.js'
    at Module._resolveFilename (node:internal/modules/cjs/loader:1207:15)
    at Module._load (node:internal/modules/cjs/loader:1038:27)
    at Function.executeUserEntryPoint [as runMain] (node:internal/modules/run_main:164:12)
    at MessagePort.<anonymous> (node:internal/main/worker_thread:192:26)
    at [nodejs.internal.kHybridDispatch] (node:internal/event_target:831:20)
    at MessagePort.<anonymous> (node:internal/per_context/messageport:23:28) {
  code: 'MODULE_NOT_FOUND',
  requireStack: []
}
 ⨯ uncaughtException: Error: Cannot find module '/home/runner/work/orion-content/orion-content/.next/server/vendor-chunks/lib/worker.js'
    at Module._resolveFilename (node:internal/modules/cjs/loader:1207:15)
    at Module._load (node:internal/modules/cjs/loader:1038:27)
    at Function.executeUserEntryPoint [as runMain] (node:internal/modules/run_main:164:12)
    at MessagePort.<anonymous> (node:internal/main/worker_thread:192:26)
    at [nodejs.internal.kHybridDispatch] (node:internal/event_target:831:20)
    at MessagePort.<anonymous> (node:internal/per_context/messageport:23:28) {
  code: 'MODULE_NOT_FOUND',
  requireStack: []
}
 ⨯ uncaughtException: Error: Cannot find module '/home/runner/work/orion-content/orion-content/.next/server/vendor-chunks/lib/worker.js'
    at Module._resolveFilename (node:internal/modules/cjs/loader:1207:15)
    at Module._load (node:internal/modules/cjs/loader:1038:27)
    at Function.executeUserEntryPoint [as runMain] (node:internal/modules/run_main:164:12)
    at MessagePort.<anonymous> (node:internal/main/worker_thread:192:26)
    at [nodejs.internal.kHybridDispatch] (node:internal/event_target:831:20)
    at MessagePort.<anonymous> (node:internal/per_context/messageport:23:28) {
  code: 'MODULE_NOT_FOUND',
  requireStack: []
}
Error: the worker thread exited
    at Worker.onWorkerExit (webpack-internal:///(rsc)/./node_modules/thread-stream/index.js:201:32)
    at Worker.emit (node:events:524:28)
    at [kOnExit] (node:internal/worker:322:10)
    at Worker.<computed>.onexit (node:internal/worker:230:20)
    at Worker.callbackTrampoline (node:internal/async_hooks:130:17)
 ⨯ uncaughtException: Error: the worker thread exited
    at Worker.onWorkerExit (webpack-internal:///(rsc)/./node_modules/thread-stream/index.js:201:32)
    at Worker.emit (node:events:524:28)
    at [kOnExit] (node:internal/worker:322:10)
    at Worker.<computed>.onexit (node:internal/worker:230:20)
    at Worker.callbackTrampoline (node:internal/async_hooks:130:17)
 ⨯ uncaughtException: Error: the worker thread exited
    at Worker.onWorkerExit (webpack-internal:///(rsc)/./node_modules/thread-stream/index.js:201:32)
    at Worker.emit (node:events:524:28)
    at [kOnExit] (node:internal/worker:322:10)
    at Worker.<computed>.onexit (node:internal/worker:230:20)
    at Worker.callbackTrampoline (node:internal/async_hooks:130:17)
 GET /api/health 200 in 9ms
Error: the worker has exited
    at ThreadStream.write (webpack-internal:///(rsc)/./node_modules/thread-stream/index.js:238:19)
    at Pino.write (webpack-internal:///(rsc)/./node_modules/pino/lib/proto.js:217:10)
    at Pino.LOG (webpack-internal:///(rsc)/./node_modules/pino/lib/tools.js:71:21)
    at Pino.logMethod (webpack-internal:///(rsc)/./lib/logger.ts:88:27)
    at Pino.hookWrappedLog [as info] (webpack-internal:///(rsc)/./node_modules/pino/lib/tools.js:37:10)
    at HealthMonitor.runAllHealthChecks (webpack-internal:///(rsc)/./lib/monitoring/health-monitor.ts:119:57)
    at async GET (webpack-internal:///(rsc)/./app/api/health/route.ts:26:30)
    at async /home/runner/work/orion-content/orion-content/node_modules/next/dist/compiled/next-server/app-route.runtime.dev.js:6:57228
    at async eT.execute (/home/runner/work/orion-content/orion-content/node_modules/next/dist/compiled/next-server/app-route.runtime.dev.js:6:46851)
    at async eT.handle (/home/runner/work/orion-content/orion-content/node_modules/next/dist/compiled/next-server/app-route.runtime.dev.js:6:58760)
    at async doRender (/home/runner/work/orion-content/orion-content/node_modules/next/dist/server/base-server.js:1366:42)
    at async cacheEntry.responseCache.get.routeKind (/home/runner/work/orion-content/orion-content/node_modules/next/dist/server/base-server.js:1588:28)
    at async DevServer.renderToResponseWithComponentsImpl (/home/runner/work/orion-content/orion-content/node_modules/next/dist/server/base-server.js:1496:28)
    at async DevServer.renderPageComponent (/home/runner/work/orion-content/orion-content/node_modules/next/dist/server/base-server.js:1924:24)
    at async DevServer.renderToResponseImpl (/home/runner/work/orion-content/orion-content/node_modules/next/dist/server/base-server.js:1962:32)
    at async DevServer.pipeImpl (/home/runner/work/orion-content/orion-content/node_modules/next/dist/server/base-server.js:922:25)
    at async NextNodeServer.handleCatchallRenderRequest (/home/runner/work/orion-content/orion-content/node_modules/next/dist/server/next-server.js:272:17)
    at async DevServer.handleRequestImpl (/home/runner/work/orion-content/orion-content/node_modules/next/dist/server/base-server.js:818:17)
    at async /home/runner/work/orion-content/orion-content/node_modules/next/dist/server/dev/next-dev-server.js:339:20
    at async Span.traceAsyncFn (/home/runner/work/orion-content/orion-content/node_modules/next/dist/trace/trace.js:154:20)
    at async DevServer.handleRequest (/home/runner/work/orion-content/orion-content/node_modules/next/dist/server/dev/next-dev-server.js:336:24)
    at async invokeRender (/home/runner/work/orion-content/orion-content/node_modules/next/dist/server/lib/router-server.js:178:21)
    at async handleRequest (/home/runner/work/orion-content/orion-content/node_modules/next/dist/server/lib/router-server.js:355:24)
    at async requestHandlerImpl (/home/runner/work/orion-content/orion-content/node_modules/next/dist/server/lib/router-server.js:379:13)
    at async Server.requestListener (/home/runner/work/orion-content/orion-content/node_modules/next/dist/server/lib/start-server.js:141:13)
 ⨯ uncaughtException: Error: the worker has exited
    at ThreadStream.write (webpack-internal:///(rsc)/./node_modules/thread-stream/index.js:238:19)
    at Pino.write (webpack-internal:///(rsc)/./node_modules/pino/lib/proto.js:217:10)
    at Pino.LOG (webpack-internal:///(rsc)/./node_modules/pino/lib/tools.js:71:21)
    at Pino.logMethod (webpack-internal:///(rsc)/./lib/logger.ts:88:27)
    at Pino.hookWrappedLog [as info] (webpack-internal:///(rsc)/./node_modules/pino/lib/tools.js:37:10)
    at HealthMonitor.runAllHealthChecks (webpack-internal:///(rsc)/./lib/monitoring/health-monitor.ts:119:57)
    at async GET (webpack-internal:///(rsc)/./app/api/health/route.ts:26:30)
    at async /home/runner/work/orion-content/orion-content/node_modules/next/dist/compiled/next-server/app-route.runtime.dev.js:6:57228
    at async eT.execute (/home/runner/work/orion-content/orion-content/node_modules/next/dist/compiled/next-server/app-route.runtime.dev.js:6:46851)
    at async eT.handle (/home/runner/work/orion-content/orion-content/node_modules/next/dist/compiled/next-server/app-route.runtime.dev.js:6:58760)
    at async doRender (/home/runner/work/orion-content/orion-content/node_modules/next/dist/server/base-server.js:1366:42)
    at async cacheEntry.responseCache.get.routeKind (/home/runner/work/orion-content/orion-content/node_modules/next/dist/server/base-server.js:1588:28)
    at async DevServer.renderToResponseWithComponentsImpl (/home/runner/work/orion-content/orion-content/node_modules/next/dist/server/base-server.js:1496:28)
    at async DevServer.renderPageComponent (/home/runner/work/orion-content/orion-content/node_modules/next/dist/server/base-server.js:1924:24)
    at async DevServer.renderToResponseImpl (/home/runner/work/orion-content/orion-content/node_modules/next/dist/server/base-server.js:1962:32)
    at async DevServer.pipeImpl (/home/runner/work/orion-content/orion-content/node_modules/next/dist/server/base-server.js:922:25)
    at async NextNodeServer.handleCatchallRenderRequest (/home/runner/work/orion-content/orion-content/node_modules/next/dist/server/next-server.js:272:17)
    at async DevServer.handleRequestImpl (/home/runner/work/orion-content/orion-content/node_modules/next/dist/server/base-server.js:818:17)
    at async /home/runner/work/orion-content/orion-content/node_modules/next/dist/server/dev/next-dev-server.js:339:20
    at async Span.traceAsyncFn (/home/runner/work/orion-content/orion-content/node_modules/next/dist/trace/trace.js:154:20)
    at async DevServer.handleRequest (/home/runner/work/orion-content/orion-content/node_modules/next/dist/server/dev/next-dev-server.js:336:24)
    at async invokeRender (/home/runner/work/orion-content/orion-content/node_modules/next/dist/server/lib/router-server.js:178:21)
    at async handleRequest (/home/runner/work/orion-content/orion-content/node_modules/next/dist/server/lib/router-server.js:355:24)
    at async requestHandlerImpl (/home/runner/work/orion-content/orion-content/node_modules/next/dist/server/lib/router-server.js:379:13)
    at async Server.requestListener (/home/runner/work/orion-content/orion-content/node_modules/next/dist/server/lib/start-server.js:141:13)
 ⨯ uncaughtException: Error: the worker has exited
    at ThreadStream.write (webpack-internal:///(rsc)/./node_modules/thread-stream/index.js:238:19)
    at Pino.write (webpack-internal:///(rsc)/./node_modules/pino/lib/proto.js:217:10)
    at Pino.LOG (webpack-internal:///(rsc)/./node_modules/pino/lib/tools.js:71:21)
    at Pino.logMethod (webpack-internal:///(rsc)/./lib/logger.ts:88:27)
    at Pino.hookWrappedLog [as info] (webpack-internal:///(rsc)/./node_modules/pino/lib/tools.js:37:10)
    at HealthMonitor.runAllHealthChecks (webpack-internal:///(rsc)/./lib/monitoring/health-monitor.ts:119:57)
    at async GET (webpack-internal:///(rsc)/./app/api/health/route.ts:26:30)
    at async /home/runner/work/orion-content/orion-content/node_modules/next/dist/compiled/next-server/app-route.runtime.dev.js:6:57228
    at async eT.execute (/home/runner/work/orion-content/orion-content/node_modules/next/dist/compiled/next-server/app-route.runtime.dev.js:6:46851)
    at async eT.handle (/home/runner/work/orion-content/orion-content/node_modules/next/dist/compiled/next-server/app-route.runtime.dev.js:6:58760)
    at async doRender (/home/runner/work/orion-content/orion-content/node_modules/next/dist/server/base-server.js:1366:42)
    at async cacheEntry.responseCache.get.routeKind (/home/runner/work/orion-content/orion-content/node_modules/next/dist/server/base-server.js:1588:28)
    at async DevServer.renderToResponseWithComponentsImpl (/home/runner/work/orion-content/orion-content/node_modules/next/dist/server/base-server.js:1496:28)
    at async DevServer.renderPageComponent (/home/runner/work/orion-content/orion-content/node_modules/next/dist/server/base-server.js:1924:24)
    at async DevServer.renderToResponseImpl (/home/runner/work/orion-content/orion-content/node_modules/next/dist/server/base-server.js:1962:32)
    at async DevServer.pipeImpl (/home/runner/work/orion-content/orion-content/node_modules/next/dist/server/base-server.js:922:25)
    at async NextNodeServer.handleCatchallRenderRequest (/home/runner/work/orion-content/orion-content/node_modules/next/dist/server/next-server.js:272:17)
    at async DevServer.handleRequestImpl (/home/runner/work/orion-content/orion-content/node_modules/next/dist/server/base-server.js:818:17)
    at async /home/runner/work/orion-content/orion-content/node_modules/next/dist/server/dev/next-dev-server.js:339:20
    at async Span.traceAsyncFn (/home/runner/work/orion-content/orion-content/node_modules/next/dist/trace/trace.js:154:20)
    at async DevServer.handleRequest (/home/runner/work/orion-content/orion-content/node_modules/next/dist/server/dev/next-dev-server.js:336:24)
    at async invokeRender (/home/runner/work/orion-content/orion-content/node_modules/next/dist/server/lib/router-server.js:178:21)
    at async handleRequest (/home/runner/work/orion-content/orion-content/node_modules/next/dist/server/lib/router-server.js:355:24)
    at async requestHandlerImpl (/home/runner/work/orion-content/orion-content/node_modules/next/dist/server/lib/router-server.js:379:13)
    at async Server.requestListener (/home/runner/work/orion-content/orion-content/node_modules/next/dist/server/lib/start-server.js:141:13)
 GET /api/health 503 in 8ms
Error: the worker has exited
    at ThreadStream.write (webpack-internal:///(rsc)/./node_modules/thread-stream/index.js:238:19)
    at Pino.write (webpack-internal:///(rsc)/./node_modules/pino/lib/proto.js:217:10)
    at Pino.LOG (webpack-internal:///(rsc)/./node_modules/pino/lib/tools.js:71:21)
    at Pino.logMethod (webpack-internal:///(rsc)/./lib/logger.ts:88:27)
    at Pino.hookWrappedLog [as info] (webpack-internal:///(rsc)/./node_modules/pino/lib/tools.js:37:10)
    at HealthMonitor.runAllHealthChecks (webpack-internal:///(rsc)/./lib/monitoring/health-monitor.ts:119:57)
    at async GET (webpack-internal:///(rsc)/./app/api/health/route.ts:26:30)
    at async /home/runner/work/orion-content/orion-content/node_modules/next/dist/compiled/next-server/app-route.runtime.dev.js:6:57228
    at async eT.execute (/home/runner/work/orion-content/orion-content/node_modules/next/dist/compiled/next-server/app-route.runtime.dev.js:6:46851)
    at async eT.handle (/home/runner/work/orion-content/orion-content/node_modules/next/dist/compiled/next-server/app-route.runtime.dev.js:6:58760)
    at async doRender (/home/runner/work/orion-content/orion-content/node_modules/next/dist/server/base-server.js:1366:42)
    at async cacheEntry.responseCache.get.routeKind (/home/runner/work/orion-content/orion-content/node_modules/next/dist/server/base-server.js:1588:28)
    at async DevServer.renderToResponseWithComponentsImpl (/home/runner/work/orion-content/orion-content/node_modules/next/dist/server/base-server.js:1496:28)
    at async DevServer.renderPageComponent (/home/runner/work/orion-content/orion-content/node_modules/next/dist/server/base-server.js:1924:24)
    at async DevServer.renderToResponseImpl (/home/runner/work/orion-content/orion-content/node_modules/next/dist/server/base-server.js:1962:32)
    at async DevServer.pipeImpl (/home/runner/work/orion-content/orion-content/node_modules/next/dist/server/base-server.js:922:25)
    at async NextNodeServer.handleCatchallRenderRequest (/home/runner/work/orion-content/orion-content/node_modules/next/dist/server/next-server.js:272:17)
    at async DevServer.handleRequestImpl (/home/runner/work/orion-content/orion-content/node_modules/next/dist/server/base-server.js:818:17)
    at async /home/runner/work/orion-content/orion-content/node_modules/next/dist/server/dev/next-dev-server.js:339:20
    at async Span.traceAsyncFn (/home/runner/work/orion-content/orion-content/node_modules/next/dist/trace/trace.js:154:20)
    at async DevServer.handleRequest (/home/runner/work/orion-content/orion-content/node_modules/next/dist/server/dev/next-dev-server.js:336:24)
    at async invokeRender (/home/runner/work/orion-content/orion-content/node_modules/next/dist/server/lib/router-server.js:178:21)
    at async handleRequest (/home/runner/work/orion-content/orion-content/node_modules/next/dist/server/lib/router-server.js:355:24)
    at async requestHandlerImpl (/home/runner/work/orion-content/orion-content/node_modules/next/dist/server/lib/router-server.js:379:13)
    at async Server.requestListener (/home/runner/work/orion-content/orion-content/node_modules/next/dist/server/lib/start-server.js:141:13)
 ⨯ uncaughtException: Error: the worker has exited
    at ThreadStream.write (webpack-internal:///(rsc)/./node_modules/thread-stream/index.js:238:19)
    at Pino.write (webpack-internal:///(rsc)/./node_modules/pino/lib/proto.js:217:10)
    at Pino.LOG (webpack-internal:///(rsc)/./node_modules/pino/lib/tools.js:71:21)
    at Pino.logMethod (webpack-internal:///(rsc)/./lib/logger.ts:88:27)
    at Pino.hookWrappedLog [as info] (webpack-internal:///(rsc)/./node_modules/pino/lib/tools.js:37:10)
    at HealthMonitor.runAllHealthChecks (webpack-internal:///(rsc)/./lib/monitoring/health-monitor.ts:119:57)
    at async GET (webpack-internal:///(rsc)/./app/api/health/route.ts:26:30)
    at async /home/runner/work/orion-content/orion-content/node_modules/next/dist/compiled/next-server/app-route.runtime.dev.js:6:57228
    at async eT.execute (/home/runner/work/orion-content/orion-content/node_modules/next/dist/compiled/next-server/app-route.runtime.dev.js:6:46851)
    at async eT.handle (/home/runner/work/orion-content/orion-content/node_modules/next/dist/compiled/next-server/app-route.runtime.dev.js:6:58760)
    at async doRender (/home/runner/work/orion-content/orion-content/node_modules/next/dist/server/base-server.js:1366:42)
    at async cacheEntry.responseCache.get.routeKind (/home/runner/work/orion-content/orion-content/node_modules/next/dist/server/base-server.js:1588:28)
    at async DevServer.renderToResponseWithComponentsImpl (/home/runner/work/orion-content/orion-content/node_modules/next/dist/server/base-server.js:1496:28)
    at async DevServer.renderPageComponent (/home/runner/work/orion-content/orion-content/node_modules/next/dist/server/base-server.js:1924:24)
    at async DevServer.renderToResponseImpl (/home/runner/work/orion-content/orion-content/node_modules/next/dist/server/base-server.js:1962:32)
    at async DevServer.pipeImpl (/home/runner/work/orion-content/orion-content/node_modules/next/dist/server/base-server.js:922:25)
    at async NextNodeServer.handleCatchallRenderRequest (/home/runner/work/orion-content/orion-content/node_modules/next/dist/server/next-server.js:272:17)
    at async DevServer.handleRequestImpl (/home/runner/work/orion-content/orion-content/node_modules/next/dist/server/base-server.js:818:17)
    at async /home/runner/work/orion-content/orion-content/node_modules/next/dist/server/dev/next-dev-server.js:339:20
    at async Span.traceAsyncFn (/home/runner/work/orion-content/orion-content/node_modules/next/dist/trace/trace.js:154:20)
    at async DevServer.handleRequest (/home/runner/work/orion-content/orion-content/node_modules/next/dist/server/dev/next-dev-server.js:336:24)
    at async invokeRender (/home/runner/work/orion-content/orion-content/node_modules/next/dist/server/lib/router-server.js:178:21)
    at async handleRequest (/home/runner/work/orion-content/orion-content/node_modules/next/dist/server/lib/router-server.js:355:24)
    at async requestHandlerImpl (/home/runner/work/orion-content/orion-content/node_modules/next/dist/server/lib/router-server.js:379:13)
    at async Server.requestListener (/home/runner/work/orion-content/orion-content/node_modules/next/dist/server/lib/start-server.js:141:13)
 ⨯ uncaughtException: Error: the worker has exited
    at ThreadStream.write (webpack-internal:///(rsc)/./node_modules/thread-stream/index.js:238:19)
    at Pino.write (webpack-internal:///(rsc)/./node_modules/pino/lib/proto.js:217:10)
    at Pino.LOG (webpack-internal:///(rsc)/./node_modules/pino/lib/tools.js:71:21)
    at Pino.logMethod (webpack-internal:///(rsc)/./lib/logger.ts:88:27)
    at Pino.hookWrappedLog [as info] (webpack-internal:///(rsc)/./node_modules/pino/lib/tools.js:37:10)
    at HealthMonitor.runAllHealthChecks (webpack-internal:///(rsc)/./lib/monitoring/health-monitor.ts:119:57)
    at async GET (webpack-internal:///(rsc)/./app/api/health/route.ts:26:30)
    at async /home/runner/work/orion-content/orion-content/node_modules/next/dist/compiled/next-server/app-route.runtime.dev.js:6:57228
    at async eT.execute (/home/runner/work/orion-content/orion-content/node_modules/next/dist/compiled/next-server/app-route.runtime.dev.js:6:46851)
    at async eT.handle (/home/runner/work/orion-content/orion-content/node_modules/next/dist/compiled/next-server/app-route.runtime.dev.js:6:58760)
    at async doRender (/home/runner/work/orion-content/orion-content/node_modules/next/dist/server/base-server.js:1366:42)
    at async cacheEntry.responseCache.get.routeKind (/home/runner/work/orion-content/orion-content/node_modules/next/dist/server/base-server.js:1588:28)
    at async DevServer.renderToResponseWithComponentsImpl (/home/runner/work/orion-content/orion-content/node_modules/next/dist/server/base-server.js:1496:28)
    at async DevServer.renderPageComponent (/home/runner/work/orion-content/orion-content/node_modules/next/dist/server/base-server.js:1924:24)
    at async DevServer.renderToResponseImpl (/home/runner/work/orion-content/orion-content/node_modules/next/dist/server/base-server.js:1962:32)
    at async DevServer.pipeImpl (/home/runner/work/orion-content/orion-content/node_modules/next/dist/server/base-server.js:922:25)
    at async NextNodeServer.handleCatchallRenderRequest (/home/runner/work/orion-content/orion-content/node_modules/next/dist/server/next-server.js:272:17)
    at async DevServer.handleRequestImpl (/home/runner/work/orion-content/orion-content/node_modules/next/dist/server/base-server.js:818:17)
    at async /home/runner/work/orion-content/orion-content/node_modules/next/dist/server/dev/next-dev-server.js:339:20
    at async Span.traceAsyncFn (/home/runner/work/orion-content/orion-content/node_modules/next/dist/trace/trace.js:154:20)
    at async DevServer.handleRequest (/home/runner/work/orion-content/orion-content/node_modules/next/dist/server/dev/next-dev-server.js:336:24)
    at async invokeRender (/home/runner/work/orion-content/orion-content/node_modules/next/dist/server/lib/router-server.js:178:21)
    at async handleRequest (/home/runner/work/orion-content/orion-content/node_modules/next/dist/server/lib/router-server.js:355:24)
    at async requestHandlerImpl (/home/runner/work/orion-content/orion-content/node_modules/next/dist/server/lib/router-server.js:379:13)
    at async Server.requestListener (/home/runner/work/orion-content/orion-content/node_modules/next/dist/server/lib/start-server.js:141:13)
 GET /api/health 503 in 9ms
Error: the worker has exited
    at ThreadStream.write (webpack-internal:///(rsc)/./node_modules/thread-stream/index.js:238:19)
    at Pino.write (webpack-internal:///(rsc)/./node_modules/pino/lib/proto.js:217:10)
    at Pino.LOG (webpack-internal:///(rsc)/./node_modules/pino/lib/tools.js:71:21)
    at Pino.logMethod (webpack-internal:///(rsc)/./lib/logger.ts:88:27)
    at Pino.hookWrappedLog [as info] (webpack-internal:///(rsc)/./node_modules/pino/lib/tools.js:37:10)
    at HealthMonitor.runAllHealthChecks (webpack-internal:///(rsc)/./lib/monitoring/health-monitor.ts:119:57)
    at async GET (webpack-internal:///(rsc)/./app/api/health/route.ts:26:30)
    at async /home/runner/work/orion-content/orion-content/node_modules/next/dist/compiled/next-server/app-route.runtime.dev.js:6:57228
    at async eT.execute (/home/runner/work/orion-content/orion-content/node_modules/next/dist/compiled/next-server/app-route.runtime.dev.js:6:46851)
    at async eT.handle (/home/runner/work/orion-content/orion-content/node_modules/next/dist/compiled/next-server/app-route.runtime.dev.js:6:58760)
    at async doRender (/home/runner/work/orion-content/orion-content/node_modules/next/dist/server/base-server.js:1366:42)
    at async cacheEntry.responseCache.get.routeKind (/home/runner/work/orion-content/orion-content/node_modules/next/dist/server/base-server.js:1588:28)
    at async DevServer.renderToResponseWithComponentsImpl (/home/runner/work/orion-content/orion-content/node_modules/next/dist/server/base-server.js:1496:28)
    at async DevServer.renderPageComponent (/home/runner/work/orion-content/orion-content/node_modules/next/dist/server/base-server.js:1924:24)
    at async DevServer.renderToResponseImpl (/home/runner/work/orion-content/orion-content/node_modules/next/dist/server/base-server.js:1962:32)
    at async DevServer.pipeImpl (/home/runner/work/orion-content/orion-content/node_modules/next/dist/server/base-server.js:922:25)
    at async NextNodeServer.handleCatchallRenderRequest (/home/runner/work/orion-content/orion-content/node_modules/next/dist/server/next-server.js:272:17)
    at async DevServer.handleRequestImpl (/home/runner/work/orion-content/orion-content/node_modules/next/dist/server/base-server.js:818:17)
    at async /home/runner/work/orion-content/orion-content/node_modules/next/dist/server/dev/next-dev-server.js:339:20
    at async Span.traceAsyncFn (/home/runner/work/orion-content/orion-content/node_modules/next/dist/trace/trace.js:154:20)
    at async DevServer.handleRequest (/home/runner/work/orion-content/orion-content/node_modules/next/dist/server/dev/next-dev-server.js:336:24)
    at async invokeRender (/home/runner/work/orion-content/orion-content/node_modules/next/dist/server/lib/router-server.js:178:21)
    at async handleRequest (/home/runner/work/orion-content/orion-content/node_modules/next/dist/server/lib/router-server.js:355:24)
    at async requestHandlerImpl (/home/runner/work/orion-content/orion-content/node_modules/next/dist/server/lib/router-server.js:379:13)
    at async Server.requestListener (/home/runner/work/orion-content/orion-content/node_modules/next/dist/server/lib/start-server.js:141:13)
 ⨯ uncaughtException: Error: the worker has exited
    at ThreadStream.write (webpack-internal:///(rsc)/./node_modules/thread-stream/index.js:238:19)
    at Pino.write (webpack-internal:///(rsc)/./node_modules/pino/lib/proto.js:217:10)
    at Pino.LOG (webpack-internal:///(rsc)/./node_modules/pino/lib/tools.js:71:21)
    at Pino.logMethod (webpack-internal:///(rsc)/./lib/logger.ts:88:27)
    at Pino.hookWrappedLog [as info] (webpack-internal:///(rsc)/./node_modules/pino/lib/tools.js:37:10)
    at HealthMonitor.runAllHealthChecks (webpack-internal:///(rsc)/./lib/monitoring/health-monitor.ts:119:57)
    at async GET (webpack-internal:///(rsc)/./app/api/health/route.ts:26:30)
    at async /home/runner/work/orion-content/orion-content/node_modules/next/dist/compiled/next-server/app-route.runtime.dev.js:6:57228
    at async eT.execute (/home/runner/work/orion-content/orion-content/node_modules/next/dist/compiled/next-server/app-route.runtime.dev.js:6:46851)
    at async eT.handle (/home/runner/work/orion-content/orion-content/node_modules/next/dist/compiled/next-server/app-route.runtime.dev.js:6:58760)
    at async doRender (/home/runner/work/orion-content/orion-content/node_modules/next/dist/server/base-server.js:1366:42)
    at async cacheEntry.responseCache.get.routeKind (/home/runner/work/orion-content/orion-content/node_modules/next/dist/server/base-server.js:1588:28)
    at async DevServer.renderToResponseWithComponentsImpl (/home/runner/work/orion-content/orion-content/node_modules/next/dist/server/base-server.js:1496:28)
    at async DevServer.renderPageComponent (/home/runner/work/orion-content/orion-content/node_modules/next/dist/server/base-server.js:1924:24)
    at async DevServer.renderToResponseImpl (/home/runner/work/orion-content/orion-content/node_modules/next/dist/server/base-server.js:1962:32)
    at async DevServer.pipeImpl (/home/runner/work/orion-content/orion-content/node_modules/next/dist/server/base-server.js:922:25)
    at async NextNodeServer.handleCatchallRenderRequest (/home/runner/work/orion-content/orion-content/node_modules/next/dist/server/next-server.js:272:17)
    at async DevServer.handleRequestImpl (/home/runner/work/orion-content/orion-content/node_modules/next/dist/server/base-server.js:818:17)
    at async /home/runner/work/orion-content/orion-content/node_modules/next/dist/server/dev/next-dev-server.js:339:20
    at async Span.traceAsyncFn (/home/runner/work/orion-content/orion-content/node_modules/next/dist/trace/trace.js:154:20)
    at async DevServer.handleRequest (/home/runner/work/orion-content/orion-content/node_modules/next/dist/server/dev/next-dev-server.js:336:24)
    at async invokeRender (/home/runner/work/orion-content/orion-content/node_modules/next/dist/server/lib/router-server.js:178:21)
    at async handleRequest (/home/runner/work/orion-content/orion-content/node_modules/next/dist/server/lib/router-server.js:355:24)
    at async requestHandlerImpl (/home/runner/work/orion-content/orion-content/node_modules/next/dist/server/lib/router-server.js:379:13)
    at async Server.requestListener (/home/runner/work/orion-content/orion-content/node_modules/next/dist/server/lib/start-server.js:141:13)
 ⨯ uncaughtException: Error: the worker has exited
    at ThreadStream.write (webpack-internal:///(rsc)/./node_modules/thread-stream/index.js:238:19)
    at Pino.write (webpack-internal:///(rsc)/./node_modules/pino/lib/proto.js:217:10)
    at Pino.LOG (webpack-internal:///(rsc)/./node_modules/pino/lib/tools.js:71:21)
    at Pino.logMethod (webpack-internal:///(rsc)/./lib/logger.ts:88:27)
    at Pino.hookWrappedLog [as info] (webpack-internal:///(rsc)/./node_modules/pino/lib/tools.js:37:10)
    at HealthMonitor.runAllHealthChecks (webpack-internal:///(rsc)/./lib/monitoring/health-monitor.ts:119:57)
    at async GET (webpack-internal:///(rsc)/./app/api/health/route.ts:26:30)
    at async /home/runner/work/orion-content/orion-content/node_modules/next/dist/compiled/next-server/app-route.runtime.dev.js:6:57228
    at async eT.execute (/home/runner/work/orion-content/orion-content/node_modules/next/dist/compiled/next-server/app-route.runtime.dev.js:6:46851)
    at async eT.handle (/home/runner/work/orion-content/orion-content/node_modules/next/dist/compiled/next-server/app-route.runtime.dev.js:6:58760)
    at async doRender (/home/runner/work/orion-content/orion-content/node_modules/next/dist/server/base-server.js:1366:42)
    at async cacheEntry.responseCache.get.routeKind (/home/runner/work/orion-content/orion-content/node_modules/next/dist/server/base-server.js:1588:28)
    at async DevServer.renderToResponseWithComponentsImpl (/home/runner/work/orion-content/orion-content/node_modules/next/dist/server/base-server.js:1496:28)
    at async DevServer.renderPageComponent (/home/runner/work/orion-content/orion-content/node_modules/next/dist/server/base-server.js:1924:24)
    at async DevServer.renderToResponseImpl (/home/runner/work/orion-content/orion-content/node_modules/next/dist/server/base-server.js:1962:32)
    at async DevServer.pipeImpl (/home/runner/work/orion-content/orion-content/node_modules/next/dist/server/base-server.js:922:25)
    at async NextNodeServer.handleCatchallRenderRequest (/home/runner/work/orion-content/orion-content/node_modules/next/dist/server/next-server.js:272:17)
    at async DevServer.handleRequestImpl (/home/runner/work/orion-content/orion-content/node_modules/next/dist/server/base-server.js:818:17)
    at async /home/runner/work/orion-content/orion-content/node_modules/next/dist/server/dev/next-dev-server.js:339:20
    at async Span.traceAsyncFn (/home/runner/work/orion-content/orion-content/node_modules/next/dist/trace/trace.js:154:20)
    at async DevServer.handleRequest (/home/runner/work/orion-content/orion-content/node_modules/next/dist/server/dev/next-dev-server.js:336:24)
    at async invokeRender (/home/runner/work/orion-content/orion-content/node_modules/next/dist/server/lib/router-server.js:178:21)
    at async handleRequest (/home/runner/work/orion-content/orion-content/node_modules/next/dist/server/lib/router-server.js:355:24)
    at async requestHandlerImpl (/home/runner/work/orion-content/orion-content/node_modules/next/dist/server/lib/router-server.js:379:13)
    at async Server.requestListener (/home/runner/work/orion-content/orion-content/node_modules/next/dist/server/lib/start-server.js:141:13)
 GET /api/health 503 in 8ms
Error: the worker has exited
    at ThreadStream.write (webpack-internal:///(rsc)/./node_modules/thread-stream/index.js:238:19)
    at Pino.write (webpack-internal:///(rsc)/./node_modules/pino/lib/proto.js:217:10)
    at Pino.LOG (webpack-internal:///(rsc)/./node_modules/pino/lib/tools.js:71:21)
    at Pino.logMethod (webpack-internal:///(rsc)/./lib/logger.ts:88:27)
    at Pino.hookWrappedLog [as info] (webpack-internal:///(rsc)/./node_modules/pino/lib/tools.js:37:10)
    at HealthMonitor.runAllHealthChecks (webpack-internal:///(rsc)/./lib/monitoring/health-monitor.ts:119:57)
    at async GET (webpack-internal:///(rsc)/./app/api/health/route.ts:26:30)
    at async /home/runner/work/orion-content/orion-content/node_modules/next/dist/compiled/next-server/app-route.runtime.dev.js:6:57228
    at async eT.execute (/home/runner/work/orion-content/orion-content/node_modules/next/dist/compiled/next-server/app-route.runtime.dev.js:6:46851)
    at async eT.handle (/home/runner/work/orion-content/orion-content/node_modules/next/dist/compiled/next-server/app-route.runtime.dev.js:6:58760)
    at async doRender (/home/runner/work/orion-content/orion-content/node_modules/next/dist/server/base-server.js:1366:42)
    at async cacheEntry.responseCache.get.routeKind (/home/runner/work/orion-content/orion-content/node_modules/next/dist/server/base-server.js:1588:28)
    at async DevServer.renderToResponseWithComponentsImpl (/home/runner/work/orion-content/orion-content/node_modules/next/dist/server/base-server.js:1496:28)
    at async DevServer.renderPageComponent (/home/runner/work/orion-content/orion-content/node_modules/next/dist/server/base-server.js:1924:24)
    at async DevServer.renderToResponseImpl (/home/runner/work/orion-content/orion-content/node_modules/next/dist/server/base-server.js:1962:32)
    at async DevServer.pipeImpl (/home/runner/work/orion-content/orion-content/node_modules/next/dist/server/base-server.js:922:25)
    at async NextNodeServer.handleCatchallRenderRequest (/home/runner/work/orion-content/orion-content/node_modules/next/dist/server/next-server.js:272:17)
    at async DevServer.handleRequestImpl (/home/runner/work/orion-content/orion-content/node_modules/next/dist/server/base-server.js:818:17)
    at async /home/runner/work/orion-content/orion-content/node_modules/next/dist/server/dev/next-dev-server.js:339:20
    at async Span.traceAsyncFn (/home/runner/work/orion-content/orion-content/node_modules/next/dist/trace/trace.js:154:20)
    at async DevServer.handleRequest (/home/runner/work/orion-content/orion-content/node_modules/next/dist/server/dev/next-dev-server.js:336:24)
    at async invokeRender (/home/runner/work/orion-content/orion-content/node_modules/next/dist/server/lib/router-server.js:178:21)
    at async handleRequest (/home/runner/work/orion-content/orion-content/node_modules/next/dist/server/lib/router-server.js:355:24)
    at async requestHandlerImpl (/home/runner/work/orion-content/orion-content/node_modules/next/dist/server/lib/router-server.js:379:13)
    at async Server.requestListener (/home/runner/work/orion-content/orion-content/node_modules/next/dist/server/lib/start-server.js:141:13)
 ⨯ uncaughtException: Error: the worker has exited
    at ThreadStream.write (webpack-internal:///(rsc)/./node_modules/thread-stream/index.js:238:19)
    at Pino.write (webpack-internal:///(rsc)/./node_modules/pino/lib/proto.js:217:10)
    at Pino.LOG (webpack-internal:///(rsc)/./node_modules/pino/lib/tools.js:71:21)
    at Pino.logMethod (webpack-internal:///(rsc)/./lib/logger.ts:88:27)
    at Pino.hookWrappedLog [as info] (webpack-internal:///(rsc)/./node_modules/pino/lib/tools.js:37:10)
    at HealthMonitor.runAllHealthChecks (webpack-internal:///(rsc)/./lib/monitoring/health-monitor.ts:119:57)
    at async GET (webpack-internal:///(rsc)/./app/api/health/route.ts:26:30)
    at async /home/runner/work/orion-content/orion-content/node_modules/next/dist/compiled/next-server/app-route.runtime.dev.js:6:57228
    at async eT.execute (/home/runner/work/orion-content/orion-content/node_modules/next/dist/compiled/next-server/app-route.runtime.dev.js:6:46851)
    at async eT.handle (/home/runner/work/orion-content/orion-content/node_modules/next/dist/compiled/next-server/app-route.runtime.dev.js:6:58760)
    at async doRender (/home/runner/work/orion-content/orion-content/node_modules/next/dist/server/base-server.js:1366:42)
    at async cacheEntry.responseCache.get.routeKind (/home/runner/work/orion-content/orion-content/node_modules/next/dist/server/base-server.js:1588:28)
    at async DevServer.renderToResponseWithComponentsImpl (/home/runner/work/orion-content/orion-content/node_modules/next/dist/server/base-server.js:1496:28)
    at async DevServer.renderPageComponent (/home/runner/work/orion-content/orion-content/node_modules/next/dist/server/base-server.js:1924:24)
    at async DevServer.renderToResponseImpl (/home/runner/work/orion-content/orion-content/node_modules/next/dist/server/base-server.js:1962:32)
    at async DevServer.pipeImpl (/home/runner/work/orion-content/orion-content/node_modules/next/dist/server/base-server.js:922:25)
    at async NextNodeServer.handleCatchallRenderRequest (/home/runner/work/orion-content/orion-content/node_modules/next/dist/server/next-server.js:272:17)
    at async DevServer.handleRequestImpl (/home/runner/work/orion-content/orion-content/node_modules/next/dist/server/base-server.js:818:17)
    at async /home/runner/work/orion-content/orion-content/node_modules/next/dist/server/dev/next-dev-server.js:339:20
    at async Span.traceAsyncFn (/home/runner/work/orion-content/orion-content/node_modules/next/dist/trace/trace.js:154:20)
    at async DevServer.handleRequest (/home/runner/work/orion-content/orion-content/node_modules/next/dist/server/dev/next-dev-server.js:336:24)
    at async invokeRender (/home/runner/work/orion-content/orion-content/node_modules/next/dist/server/lib/router-server.js:178:21)
    at async handleRequest (/home/runner/work/orion-content/orion-content/node_modules/next/dist/server/lib/router-server.js:355:24)
    at async requestHandlerImpl (/home/runner/work/orion-content/orion-content/node_modules/next/dist/server/lib/router-server.js:379:13)
    at async Server.requestListener (/home/runner/work/orion-content/orion-content/node_modules/next/dist/server/lib/start-server.js:141:13)
 ⨯ uncaughtException: Error: the worker has exited
    at ThreadStream.write (webpack-internal:///(rsc)/./node_modules/thread-stream/index.js:238:19)
    at Pino.write (webpack-internal:///(rsc)/./node_modules/pino/lib/proto.js:217:10)
    at Pino.LOG (webpack-internal:///(rsc)/./node_modules/pino/lib/tools.js:71:21)
    at Pino.logMethod (webpack-internal:///(rsc)/./lib/logger.ts:88:27)
    at Pino.hookWrappedLog [as info] (webpack-internal:///(rsc)/./node_modules/pino/lib/tools.js:37:10)
    at HealthMonitor.runAllHealthChecks (webpack-internal:///(rsc)/./lib/monitoring/health-monitor.ts:119:57)
    at async GET (webpack-internal:///(rsc)/./app/api/health/route.ts:26:30)
    at async /home/runner/work/orion-content/orion-content/node_modules/next/dist/compiled/next-server/app-route.runtime.dev.js:6:57228
    at async eT.execute (/home/runner/work/orion-content/orion-content/node_modules/next/dist/compiled/next-server/app-route.runtime.dev.js:6:46851)
    at async eT.handle (/home/runner/work/orion-content/orion-content/node_modules/next/dist/compiled/next-server/app-route.runtime.dev.js:6:58760)
    at async doRender (/home/runner/work/orion-content/orion-content/node_modules/next/dist/server/base-server.js:1366:42)
    at async cacheEntry.responseCache.get.routeKind (/home/runner/work/orion-content/orion-content/node_modules/next/dist/server/base-server.js:1588:28)
    at async DevServer.renderToResponseWithComponentsImpl (/home/runner/work/orion-content/orion-content/node_modules/next/dist/server/base-server.js:1496:28)
    at async DevServer.renderPageComponent (/home/runner/work/orion-content/orion-content/node_modules/next/dist/server/base-server.js:1924:24)
    at async DevServer.renderToResponseImpl (/home/runner/work/orion-content/orion-content/node_modules/next/dist/server/base-server.js:1962:32)
    at async DevServer.pipeImpl (/home/runner/work/orion-content/orion-content/node_modules/next/dist/server/base-server.js:922:25)
    at async NextNodeServer.handleCatchallRenderRequest (/home/runner/work/orion-content/orion-content/node_modules/next/dist/server/next-server.js:272:17)
    at async DevServer.handleRequestImpl (/home/runner/work/orion-content/orion-content/node_modules/next/dist/server/base-server.js:818:17)
    at async /home/runner/work/orion-content/orion-content/node_modules/next/dist/server/dev/next-dev-server.js:339:20
    at async Span.traceAsyncFn (/home/runner/work/orion-content/orion-content/node_modules/next/dist/trace/trace.js:154:20)
    at async DevServer.handleRequest (/home/runner/work/orion-content/orion-content/node_modules/next/dist/server/dev/next-dev-server.js:336:24)
    at async invokeRender (/home/runner/work/orion-content/orion-content/node_modules/next/dist/server/lib/router-server.js:178:21)
    at async handleRequest (/home/runner/work/orion-content/orion-content/node_modules/next/dist/server/lib/router-server.js:355:24)
    at async requestHandlerImpl (/home/runner/work/orion-content/orion-content/node_modules/next/dist/server/lib/router-server.js:379:13)
    at async Server.requestListener (/home/runner/work/orion-content/orion-content/node_modules/next/dist/server/lib/start-server.js:141:13)
Error: the worker has exited
    at ThreadStream.write (webpack-internal:///(rsc)/./node_modules/thread-stream/index.js:238:19)
    at Pino.write (webpack-internal:///(rsc)/./node_modules/pino/lib/proto.js:217:10)
    at Pino.LOG (webpack-internal:///(rsc)/./node_modules/pino/lib/tools.js:71:21)
    at Pino.logMethod (webpack-internal:///(rsc)/./lib/logger.ts:88:27)
    at Pino.hookWrappedLog [as info] (webpack-internal:///(rsc)/./node_modules/pino/lib/tools.js:37:10)
    at HealthMonitor.runAllHealthChecks (webpack-internal:///(rsc)/./lib/monitoring/health-monitor.ts:119:57)
    at async Timeout.eval [as _onTimeout] (webpack-internal:///(rsc)/./lib/monitoring/health-monitor.ts:254:17)
 ⨯ uncaughtException: Error: the worker has exited
    at ThreadStream.write (webpack-internal:///(rsc)/./node_modules/thread-stream/index.js:238:19)
    at Pino.write (webpack-internal:///(rsc)/./node_modules/pino/lib/proto.js:217:10)
    at Pino.LOG (webpack-internal:///(rsc)/./node_modules/pino/lib/tools.js:71:21)
    at Pino.logMethod (webpack-internal:///(rsc)/./lib/logger.ts:88:27)
    at Pino.hookWrappedLog [as info] (webpack-internal:///(rsc)/./node_modules/pino/lib/tools.js:37:10)
    at HealthMonitor.runAllHealthChecks (webpack-internal:///(rsc)/./lib/monitoring/health-monitor.ts:119:57)
    at async Timeout.eval [as _onTimeout] (webpack-internal:///(rsc)/./lib/monitoring/health-monitor.ts:254:17)
 ⨯ uncaughtException: Error: the worker has exited
    at ThreadStream.write (webpack-internal:///(rsc)/./node_modules/thread-stream/index.js:238:19)
    at Pino.write (webpack-internal:///(rsc)/./node_modules/pino/lib/proto.js:217:10)
    at Pino.LOG (webpack-internal:///(rsc)/./node_modules/pino/lib/tools.js:71:21)
    at Pino.logMethod (webpack-internal:///(rsc)/./lib/logger.ts:88:27)
    at Pino.hookWrappedLog [as info] (webpack-internal:///(rsc)/./node_modules/pino/lib/tools.js:37:10)
    at HealthMonitor.runAllHealthChecks (webpack-internal:///(rsc)/./lib/monitoring/health-monitor.ts:119:57)
    at async Timeout.eval [as _onTimeout] (webpack-internal:///(rsc)/./lib/monitoring/health-monitor.ts:254:17)
Error: the worker has exited
    at ThreadStream.write (webpack-internal:///(rsc)/./node_modules/thread-stream/index.js:238:19)
    at Pino.write (webpack-internal:///(rsc)/./node_modules/pino/lib/proto.js:217:10)
    at Pino.LOG (webpack-internal:///(rsc)/./node_modules/pino/lib/tools.js:71:21)
    at Pino.logMethod (webpack-internal:///(rsc)/./lib/logger.ts:88:27)
    at Pino.hookWrappedLog [as info] (webpack-internal:///(rsc)/./node_modules/pino/lib/tools.js:37:10)
    at HealthMonitor.runAllHealthChecks (webpack-internal:///(rsc)/./lib/monitoring/health-monitor.ts:119:57)
    at async Timeout.eval [as _onTimeout] (webpack-internal:///(rsc)/./lib/monitoring/health-monitor.ts:254:17)
 ⨯ uncaughtException: Error: the worker has exited
    at ThreadStream.write (webpack-internal:///(rsc)/./node_modules/thread-stream/index.js:238:19)
    at Pino.write (webpack-internal:///(rsc)/./node_modules/pino/lib/proto.js:217:10)
    at Pino.LOG (webpack-internal:///(rsc)/./node_modules/pino/lib/tools.js:71:21)
    at Pino.logMethod (webpack-internal:///(rsc)/./lib/logger.ts:88:27)
    at Pino.hookWrappedLog [as info] (webpack-internal:///(rsc)/./node_modules/pino/lib/tools.js:37:10)
    at HealthMonitor.runAllHealthChecks (webpack-internal:///(rsc)/./lib/monitoring/health-monitor.ts:119:57)
    at async Timeout.eval [as _onTimeout] (webpack-internal:///(rsc)/./lib/monitoring/health-monitor.ts:254:17)
 ⨯ uncaughtException: Error: the worker has exited
    at ThreadStream.write (webpack-internal:///(rsc)/./node_modules/thread-stream/index.js:238:19)
    at Pino.write (webpack-internal:///(rsc)/./node_modules/pino/lib/proto.js:217:10)
    at Pino.LOG (webpack-internal:///(rsc)/./node_modules/pino/lib/tools.js:71:21)
    at Pino.logMethod (webpack-internal:///(rsc)/./lib/logger.ts:88:27)
    at Pino.hookWrappedLog [as info] (webpack-internal:///(rsc)/./node_modules/pino/lib/tools.js:37:10)
    at HealthMonitor.runAllHealthChecks (webpack-internal:///(rsc)/./lib/monitoring/health-monitor.ts:119:57)
    at async Timeout.eval [as _onTimeout] (webpack-internal:///(rsc)/./lib/monitoring/health-monitor.ts:254:17)
Error: the worker has exited
    at ThreadStream.write (webpack-internal:///(rsc)/./node_modules/thread-stream/index.js:238:19)
    at Pino.write (webpack-internal:///(rsc)/./node_modules/pino/lib/proto.js:217:10)
    at Pino.LOG (webpack-internal:///(rsc)/./node_modules/pino/lib/tools.js:71:21)
    at Pino.logMethod (webpack-internal:///(rsc)/./lib/logger.ts:88:27)
    at Pino.hookWrappedLog [as info] (webpack-internal:///(rsc)/./node_modules/pino/lib/tools.js:37:10)
    at HealthMonitor.runAllHealthChecks (webpack-internal:///(rsc)/./lib/monitoring/health-monitor.ts:119:57)
    at async Timeout.eval [as _onTimeout] (webpack-internal:///(rsc)/./lib/monitoring/health-monitor.ts:254:17)
 ⨯ uncaughtException: Error: the worker has exited
    at ThreadStream.write (webpack-internal:///(rsc)/./node_modules/thread-stream/index.js:238:19)
    at Pino.write (webpack-internal:///(rsc)/./node_modules/pino/lib/proto.js:217:10)
    at Pino.LOG (webpack-internal:///(rsc)/./node_modules/pino/lib/tools.js:71:21)
    at Pino.logMethod (webpack-internal:///(rsc)/./lib/logger.ts:88:27)
    at Pino.hookWrappedLog [as info] (webpack-internal:///(rsc)/./node_modules/pino/lib/tools.js:37:10)
    at HealthMonitor.runAllHealthChecks (webpack-internal:///(rsc)/./lib/monitoring/health-monitor.ts:119:57)
    at async Timeout.eval [as _onTimeout] (webpack-internal:///(rsc)/./lib/monitoring/health-monitor.ts:254:17)
 ⨯ uncaughtException: Error: the worker has exited
    at ThreadStream.write (webpack-internal:///(rsc)/./node_modules/thread-stream/index.js:238:19)
    at Pino.write (webpack-internal:///(rsc)/./node_modules/pino/lib/proto.js:217:10)
    at Pino.LOG (webpack-internal:///(rsc)/./node_modules/pino/lib/tools.js:71:21)
    at Pino.logMethod (webpack-internal:///(rsc)/./lib/logger.ts:88:27)
    at Pino.hookWrappedLog [as info] (webpack-internal:///(rsc)/./node_modules/pino/lib/tools.js:37:10)
    at HealthMonitor.runAllHealthChecks (webpack-internal:///(rsc)/./lib/monitoring/health-monitor.ts:119:57)
    at async Timeout.eval [as _onTimeout] (webpack-internal:///(rsc)/./lib/monitoring/health-monitor.ts:254:17)
 ✓ Compiled in 792ms (894 modules)
Error: the worker has exited
    at ThreadStream.write (webpack-internal:///(rsc)/./node_modules/thread-stream/index.js:238:19)
    at Pino.write (webpack-internal:///(rsc)/./node_modules/pino/lib/proto.js:217:10)
    at Pino.LOG (webpack-internal:///(rsc)/./node_modules/pino/lib/tools.js:71:21)
    at Pino.logMethod (webpack-internal:///(rsc)/./lib/logger.ts:88:27)
    at Pino.hookWrappedLog [as info] (webpack-internal:///(rsc)/./node_modules/pino/lib/tools.js:37:10)
    at HealthMonitor.runAllHealthChecks (webpack-internal:///(rsc)/./lib/monitoring/health-monitor.ts:119:57)
    at async Timeout.eval [as _onTimeout] (webpack-internal:///(rsc)/./lib/monitoring/health-monitor.ts:254:17)
 ⨯ uncaughtException: Error: the worker has exited
    at ThreadStream.write (webpack-internal:///(rsc)/./node_modules/thread-stream/index.js:238:19)
    at Pino.write (webpack-internal:///(rsc)/./node_modules/pino/lib/proto.js:217:10)
    at Pino.LOG (webpack-internal:///(rsc)/./node_modules/pino/lib/tools.js:71:21)
    at Pino.logMethod (webpack-internal:///(rsc)/./lib/logger.ts:88:27)
    at Pino.hookWrappedLog [as info] (webpack-internal:///(rsc)/./node_modules/pino/lib/tools.js:37:10)
    at HealthMonitor.runAllHealthChecks (webpack-internal:///(rsc)/./lib/monitoring/health-monitor.ts:119:57)
    at async Timeout.eval [as _onTimeout] (webpack-internal:///(rsc)/./lib/monitoring/health-monitor.ts:254:17)
 ⨯ uncaughtException: Error: the worker has exited
    at ThreadStream.write (webpack-internal:///(rsc)/./node_modules/thread-stream/index.js:238:19)
    at Pino.write (webpack-internal:///(rsc)/./node_modules/pino/lib/proto.js:217:10)
    at Pino.LOG (webpack-internal:///(rsc)/./node_modules/pino/lib/tools.js:71:21)
    at Pino.logMethod (webpack-internal:///(rsc)/./lib/logger.ts:88:27)
    at Pino.hookWrappedLog [as info] (webpack-internal:///(rsc)/./node_modules/pino/lib/tools.js:37:10)
    at HealthMonitor.runAllHealthChecks (webpack-internal:///(rsc)/./lib/monitoring/health-monitor.ts:119:57)
    at async Timeout.eval [as _onTimeout] (webpack-internal:///(rsc)/./lib/monitoring/health-monitor.ts:254:17)
Error: the worker has exited
    at ThreadStream.write (webpack-internal:///(rsc)/./node_modules/thread-stream/index.js:238:19)
    at Pino.write (webpack-internal:///(rsc)/./node_modules/pino/lib/proto.js:217:10)
    at Pino.LOG (webpack-internal:///(rsc)/./node_modules/pino/lib/tools.js:71:21)
    at Pino.logMethod (webpack-internal:///(rsc)/./lib/logger.ts:88:27)
    at Pino.hookWrappedLog [as info] (webpack-internal:///(rsc)/./node_modules/pino/lib/tools.js:37:10)
    at HealthMonitor.runAllHealthChecks (webpack-internal:///(rsc)/./lib/monitoring/health-monitor.ts:119:57)
    at async Timeout.eval [as _onTimeout] (webpack-internal:///(rsc)/./lib/monitoring/health-monitor.ts:254:17)
 ⨯ uncaughtException: Error: the worker has exited
    at ThreadStream.write (webpack-internal:///(rsc)/./node_modules/thread-stream/index.js:238:19)
    at Pino.write (webpack-internal:///(rsc)/./node_modules/pino/lib/proto.js:217:10)
    at Pino.LOG (webpack-internal:///(rsc)/./node_modules/pino/lib/tools.js:71:21)
    at Pino.logMethod (webpack-internal:///(rsc)/./lib/logger.ts:88:27)
    at Pino.hookWrappedLog [as info] (webpack-internal:///(rsc)/./node_modules/pino/lib/tools.js:37:10)
    at HealthMonitor.runAllHealthChecks (webpack-internal:///(rsc)/./lib/monitoring/health-monitor.ts:119:57)
    at async Timeout.eval [as _onTimeout] (webpack-internal:///(rsc)/./lib/monitoring/health-monitor.ts:254:17)
 ⨯ uncaughtException: Error: the worker has exited
    at ThreadStream.write (webpack-internal:///(rsc)/./node_modules/thread-stream/index.js:238:19)
    at Pino.write (webpack-internal:///(rsc)/./node_modules/pino/lib/proto.js:217:10)
    at Pino.LOG (webpack-internal:///(rsc)/./node_modules/pino/lib/tools.js:71:21)
    at Pino.logMethod (webpack-internal:///(rsc)/./lib/logger.ts:88:27)
    at Pino.hookWrappedLog [as info] (webpack-internal:///(rsc)/./node_modules/pino/lib/tools.js:37:10)
    at HealthMonitor.runAllHealthChecks (webpack-internal:///(rsc)/./lib/monitoring/health-monitor.ts:119:57)
    at async Timeout.eval [as _onTimeout] (webpack-internal:///(rsc)/./lib/monitoring/health-monitor.ts:254:17)
Error: the worker has exited
    at ThreadStream.write (webpack-internal:///(rsc)/./node_modules/thread-stream/index.js:238:19)
    at Pino.write (webpack-internal:///(rsc)/./node_modules/pino/lib/proto.js:217:10)
    at Pino.LOG (webpack-internal:///(rsc)/./node_modules/pino/lib/tools.js:71:21)
    at Pino.logMethod (webpack-internal:///(rsc)/./lib/logger.ts:88:27)
    at Pino.hookWrappedLog [as info] (webpack-internal:///(rsc)/./node_modules/pino/lib/tools.js:37:10)
    at HealthMonitor.runAllHealthChecks (webpack-internal:///(rsc)/./lib/monitoring/health-monitor.ts:119:57)
    at async Timeout.eval [as _onTimeout] (webpack-internal:///(rsc)/./lib/monitoring/health-monitor.ts:254:17)
 ⨯ uncaughtException: Error: the worker has exited
    at ThreadStream.write (webpack-internal:///(rsc)/./node_modules/thread-stream/index.js:238:19)
    at Pino.write (webpack-internal:///(rsc)/./node_modules/pino/lib/proto.js:217:10)
    at Pino.LOG (webpack-internal:///(rsc)/./node_modules/pino/lib/tools.js:71:21)
    at Pino.logMethod (webpack-internal:///(rsc)/./lib/logger.ts:88:27)
    at Pino.hookWrappedLog [as info] (webpack-internal:///(rsc)/./node_modules/pino/lib/tools.js:37:10)
    at HealthMonitor.runAllHealthChecks (webpack-internal:///(rsc)/./lib/monitoring/health-monitor.ts:119:57)
    at async Timeout.eval [as _onTimeout] (webpack-internal:///(rsc)/./lib/monitoring/health-monitor.ts:254:17)
 ⨯ uncaughtException: Error: the worker has exited
    at ThreadStream.write (webpack-internal:///(rsc)/./node_modules/thread-stream/index.js:238:19)
    at Pino.write (webpack-internal:///(rsc)/./node_modules/pino/lib/proto.js:217:10)
    at Pino.LOG (webpack-internal:///(rsc)/./node_modules/pino/lib/tools.js:71:21)
    at Pino.logMethod (webpack-internal:///(rsc)/./lib/logger.ts:88:27)
    at Pino.hookWrappedLog [as info] (webpack-internal:///(rsc)/./node_modules/pino/lib/tools.js:37:10)
    at HealthMonitor.runAllHealthChecks (webpack-internal:///(rsc)/./lib/monitoring/health-monitor.ts:119:57)
    at async Timeout.eval [as _onTimeout] (webpack-internal:///(rsc)/./lib/monitoring/health-monitor.ts:254:17)
Error: the worker has exited
    at ThreadStream.write (webpack-internal:///(rsc)/./node_modules/thread-stream/index.js:238:19)
    at Pino.write (webpack-internal:///(rsc)/./node_modules/pino/lib/proto.js:217:10)
    at Pino.LOG (webpack-internal:///(rsc)/./node_modules/pino/lib/tools.js:71:21)
    at Pino.logMethod (webpack-internal:///(rsc)/./lib/logger.ts:88:27)
    at Pino.hookWrappedLog [as info] (webpack-internal:///(rsc)/./node_modules/pino/lib/tools.js:37:10)
    at HealthMonitor.runAllHealthChecks (webpack-internal:///(rsc)/./lib/monitoring/health-monitor.ts:119:57)
    at async Timeout.eval [as _onTimeout] (webpack-internal:///(rsc)/./lib/monitoring/health-monitor.ts:254:17)
 ⨯ uncaughtException: Error: the worker has exited
    at ThreadStream.write (webpack-internal:///(rsc)/./node_modules/thread-stream/index.js:238:19)
    at Pino.write (webpack-internal:///(rsc)/./node_modules/pino/lib/proto.js:217:10)
    at Pino.LOG (webpack-internal:///(rsc)/./node_modules/pino/lib/tools.js:71:21)
    at Pino.logMethod (webpack-internal:///(rsc)/./lib/logger.ts:88:27)
    at Pino.hookWrappedLog [as info] (webpack-internal:///(rsc)/./node_modules/pino/lib/tools.js:37:10)
    at HealthMonitor.runAllHealthChecks (webpack-internal:///(rsc)/./lib/monitoring/health-monitor.ts:119:57)
    at async Timeout.eval [as _onTimeout] (webpack-internal:///(rsc)/./lib/monitoring/health-monitor.ts:254:17)
 ⨯ uncaughtException: Error: the worker has exited
    at ThreadStream.write (webpack-internal:///(rsc)/./node_modules/thread-stream/index.js:238:19)
    at Pino.write (webpack-internal:///(rsc)/./node_modules/pino/lib/proto.js:217:10)
    at Pino.LOG (webpack-internal:///(rsc)/./node_modules/pino/lib/tools.js:71:21)
    at Pino.logMethod (webpack-internal:///(rsc)/./lib/logger.ts:88:27)
    at Pino.hookWrappedLog [as info] (webpack-internal:///(rsc)/./node_modules/pino/lib/tools.js:37:10)
    at HealthMonitor.runAllHealthChecks (webpack-internal:///(rsc)/./lib/monitoring/health-monitor.ts:119:57)
    at async Timeout.eval [as _onTimeout] (webpack-internal:///(rsc)/./lib/monitoring/health-monitor.ts:254:17)
Error: the worker has exited
    at ThreadStream.write (webpack-internal:///(rsc)/./node_modules/thread-stream/index.js:238:19)
    at Pino.write (webpack-internal:///(rsc)/./node_modules/pino/lib/proto.js:217:10)
    at Pino.LOG (webpack-internal:///(rsc)/./node_modules/pino/lib/tools.js:71:21)
    at Pino.logMethod (webpack-internal:///(rsc)/./lib/logger.ts:88:27)
    at Pino.hookWrappedLog [as info] (webpack-internal:///(rsc)/./node_modules/pino/lib/tools.js:37:10)
    at HealthMonitor.runAllHealthChecks (webpack-internal:///(rsc)/./lib/monitoring/health-monitor.ts:119:57)
    at async Timeout.eval [as _onTimeout] (webpack-internal:///(rsc)/./lib/monitoring/health-monitor.ts:254:17)
 ⨯ uncaughtException: Error: the worker has exited
    at ThreadStream.write (webpack-internal:///(rsc)/./node_modules/thread-stream/index.js:238:19)
    at Pino.write (webpack-internal:///(rsc)/./node_modules/pino/lib/proto.js:217:10)
    at Pino.LOG (webpack-internal:///(rsc)/./node_modules/pino/lib/tools.js:71:21)
    at Pino.logMethod (webpack-internal:///(rsc)/./lib/logger.ts:88:27)
    at Pino.hookWrappedLog [as info] (webpack-internal:///(rsc)/./node_modules/pino/lib/tools.js:37:10)
    at HealthMonitor.runAllHealthChecks (webpack-internal:///(rsc)/./lib/monitoring/health-monitor.ts:119:57)
    at async Timeout.eval [as _onTimeout] (webpack-internal:///(rsc)/./lib/monitoring/health-monitor.ts:254:17)
 ⨯ uncaughtException: Error: the worker has exited
    at ThreadStream.write (webpack-internal:///(rsc)/./node_modules/thread-stream/index.js:238:19)
    at Pino.write (webpack-internal:///(rsc)/./node_modules/pino/lib/proto.js:217:10)
    at Pino.LOG (webpack-internal:///(rsc)/./node_modules/pino/lib/tools.js:71:21)
    at Pino.logMethod (webpack-internal:///(rsc)/./lib/logger.ts:88:27)
    at Pino.hookWrappedLog [as info] (webpack-internal:///(rsc)/./node_modules/pino/lib/tools.js:37:10)
    at HealthMonitor.runAllHealthChecks (webpack-internal:///(rsc)/./lib/monitoring/health-monitor.ts:119:57)
    at async Timeout.eval [as _onTimeout] (webpack-internal:///(rsc)/./lib/monitoring/health-monitor.ts:254:17)
Error: the worker has exited
    at ThreadStream.write (webpack-internal:///(rsc)/./node_modules/thread-stream/index.js:238:19)
    at Pino.write (webpack-internal:///(rsc)/./node_modules/pino/lib/proto.js:217:10)
    at Pino.LOG (webpack-internal:///(rsc)/./node_modules/pino/lib/tools.js:71:21)
    at Pino.logMethod (webpack-internal:///(rsc)/./lib/logger.ts:88:27)
    at Pino.hookWrappedLog [as info] (webpack-internal:///(rsc)/./node_modules/pino/lib/tools.js:37:10)
    at HealthMonitor.runAllHealthChecks (webpack-internal:///(rsc)/./lib/monitoring/health-monitor.ts:119:57)
    at async Timeout.eval [as _onTimeout] (webpack-internal:///(rsc)/./lib/monitoring/health-monitor.ts:254:17)
 ⨯ uncaughtException: Error: the worker has exited
    at ThreadStream.write (webpack-internal:///(rsc)/./node_modules/thread-stream/index.js:238:19)
    at Pino.write (webpack-internal:///(rsc)/./node_modules/pino/lib/proto.js:217:10)
    at Pino.LOG (webpack-internal:///(rsc)/./node_modules/pino/lib/tools.js:71:21)
    at Pino.logMethod (webpack-internal:///(rsc)/./lib/logger.ts:88:27)
    at Pino.hookWrappedLog [as info] (webpack-internal:///(rsc)/./node_modules/pino/lib/tools.js:37:10)
    at HealthMonitor.runAllHealthChecks (webpack-internal:///(rsc)/./lib/monitoring/health-monitor.ts:119:57)
    at async Timeout.eval [as _onTimeout] (webpack-internal:///(rsc)/./lib/monitoring/health-monitor.ts:254:17)
 ⨯ uncaughtException: Error: the worker has exited
    at ThreadStream.write (webpack-internal:///(rsc)/./node_modules/thread-stream/index.js:238:19)
    at Pino.write (webpack-internal:///(rsc)/./node_modules/pino/lib/proto.js:217:10)
    at Pino.LOG (webpack-internal:///(rsc)/./node_modules/pino/lib/tools.js:71:21)
    at Pino.logMethod (webpack-internal:///(rsc)/./lib/logger.ts:88:27)
    at Pino.hookWrappedLog [as info] (webpack-internal:///(rsc)/./node_modules/pino/lib/tools.js:37:10)
    at HealthMonitor.runAllHealthChecks (webpack-internal:///(rsc)/./lib/monitoring/health-monitor.ts:119:57)
    at async Timeout.eval [as _onTimeout] (webpack-internal:///(rsc)/./lib/monitoring/health-monitor.ts:254:17)
Error: the worker has exited
    at ThreadStream.write (webpack-internal:///(rsc)/./node_modules/thread-stream/index.js:238:19)
    at Pino.write (webpack-internal:///(rsc)/./node_modules/pino/lib/proto.js:217:10)
    at Pino.LOG (webpack-internal:///(rsc)/./node_modules/pino/lib/tools.js:71:21)
    at Pino.logMethod (webpack-internal:///(rsc)/./lib/logger.ts:88:27)
    at Pino.hookWrappedLog [as info] (webpack-internal:///(rsc)/./node_modules/pino/lib/tools.js:37:10)
    at HealthMonitor.runAllHealthChecks (webpack-internal:///(rsc)/./lib/monitoring/health-monitor.ts:119:57)
    at async Timeout.eval [as _onTimeout] (webpack-internal:///(rsc)/./lib/monitoring/health-monitor.ts:254:17)
 ⨯ uncaughtException: Error: the worker has exited
    at ThreadStream.write (webpack-internal:///(rsc)/./node_modules/thread-stream/index.js:238:19)
    at Pino.write (webpack-internal:///(rsc)/./node_modules/pino/lib/proto.js:217:10)
    at Pino.LOG (webpack-internal:///(rsc)/./node_modules/pino/lib/tools.js:71:21)
    at Pino.logMethod (webpack-internal:///(rsc)/./lib/logger.ts:88:27)
    at Pino.hookWrappedLog [as info] (webpack-internal:///(rsc)/./node_modules/pino/lib/tools.js:37:10)
    at HealthMonitor.runAllHealthChecks (webpack-internal:///(rsc)/./lib/monitoring/health-monitor.ts:119:57)
    at async Timeout.eval [as _onTimeout] (webpack-internal:///(rsc)/./lib/monitoring/health-monitor.ts:254:17)
 ⨯ uncaughtException: Error: the worker has exited
    at ThreadStream.write (webpack-internal:///(rsc)/./node_modules/thread-stream/index.js:238:19)
    at Pino.write (webpack-internal:///(rsc)/./node_modules/pino/lib/proto.js:217:10)
    at Pino.LOG (webpack-internal:///(rsc)/./node_modules/pino/lib/tools.js:71:21)
    at Pino.logMethod (webpack-internal:///(rsc)/./lib/logger.ts:88:27)
    at Pino.hookWrappedLog [as info] (webpack-internal:///(rsc)/./node_modules/pino/lib/tools.js:37:10)
    at HealthMonitor.runAllHealthChecks (webpack-internal:///(rsc)/./lib/monitoring/health-monitor.ts:119:57)
    at async Timeout.eval [as _onTimeout] (webpack-internal:///(rsc)/./lib/monitoring/health-monitor.ts:254:17)
Error: the worker has exited
    at ThreadStream.write (webpack-internal:///(rsc)/./node_modules/thread-stream/index.js:238:19)
    at Pino.write (webpack-internal:///(rsc)/./node_modules/pino/lib/proto.js:217:10)
    at Pino.LOG (webpack-internal:///(rsc)/./node_modules/pino/lib/tools.js:71:21)
    at Pino.logMethod (webpack-internal:///(rsc)/./lib/logger.ts:88:27)
    at Pino.hookWrappedLog [as info] (webpack-internal:///(rsc)/./node_modules/pino/lib/tools.js:37:10)
    at HealthMonitor.runAllHealthChecks (webpack-internal:///(rsc)/./lib/monitoring/health-monitor.ts:119:57)
    at async Timeout.eval [as _onTimeout] (webpack-internal:///(rsc)/./lib/monitoring/health-monitor.ts:254:17)
 ⨯ uncaughtException: Error: the worker has exited
    at ThreadStream.write (webpack-internal:///(rsc)/./node_modules/thread-stream/index.js:238:19)
    at Pino.write (webpack-internal:///(rsc)/./node_modules/pino/lib/proto.js:217:10)
    at Pino.LOG (webpack-internal:///(rsc)/./node_modules/pino/lib/tools.js:71:21)
    at Pino.logMethod (webpack-internal:///(rsc)/./lib/logger.ts:88:27)
    at Pino.hookWrappedLog [as info] (webpack-internal:///(rsc)/./node_modules/pino/lib/tools.js:37:10)
    at HealthMonitor.runAllHealthChecks (webpack-internal:///(rsc)/./lib/monitoring/health-monitor.ts:119:57)
    at async Timeout.eval [as _onTimeout] (webpack-internal:///(rsc)/./lib/monitoring/health-monitor.ts:254:17)
 ⨯ uncaughtException: Error: the worker has exited
    at ThreadStream.write (webpack-internal:///(rsc)/./node_modules/thread-stream/index.js:238:19)
    at Pino.write (webpack-internal:///(rsc)/./node_modules/pino/lib/proto.js:217:10)
    at Pino.LOG (webpack-internal:///(rsc)/./node_modules/pino/lib/tools.js:71:21)
    at Pino.logMethod (webpack-internal:///(rsc)/./lib/logger.ts:88:27)
    at Pino.hookWrappedLog [as info] (webpack-internal:///(rsc)/./node_modules/pino/lib/tools.js:37:10)
    at HealthMonitor.runAllHealthChecks (webpack-internal:///(rsc)/./lib/monitoring/health-monitor.ts:119:57)
    at async Timeout.eval [as _onTimeout] (webpack-internal:///(rsc)/./lib/monitoring/health-monitor.ts:254:17)
Error: the worker has exited
    at ThreadStream.write (webpack-internal:///(rsc)/./node_modules/thread-stream/index.js:238:19)
    at Pino.write (webpack-internal:///(rsc)/./node_modules/pino/lib/proto.js:217:10)
    at Pino.LOG (webpack-internal:///(rsc)/./node_modules/pino/lib/tools.js:71:21)
    at Pino.logMethod (webpack-internal:///(rsc)/./lib/logger.ts:88:27)
    at Pino.hookWrappedLog [as info] (webpack-internal:///(rsc)/./node_modules/pino/lib/tools.js:37:10)
    at HealthMonitor.runAllHealthChecks (webpack-internal:///(rsc)/./lib/monitoring/health-monitor.ts:119:57)
    at async Timeout.eval [as _onTimeout] (webpack-internal:///(rsc)/./lib/monitoring/health-monitor.ts:254:17)
 ⨯ uncaughtException: Error: the worker has exited
    at ThreadStream.write (webpack-internal:///(rsc)/./node_modules/thread-stream/index.js:238:19)
    at Pino.write (webpack-internal:///(rsc)/./node_modules/pino/lib/proto.js:217:10)
    at Pino.LOG (webpack-internal:///(rsc)/./node_modules/pino/lib/tools.js:71:21)
    at Pino.logMethod (webpack-internal:///(rsc)/./lib/logger.ts:88:27)
    at Pino.hookWrappedLog [as info] (webpack-internal:///(rsc)/./node_modules/pino/lib/tools.js:37:10)
    at HealthMonitor.runAllHealthChecks (webpack-internal:///(rsc)/./lib/monitoring/health-monitor.ts:119:57)
    at async Timeout.eval [as _onTimeout] (webpack-internal:///(rsc)/./lib/monitoring/health-monitor.ts:254:17)
 ⨯ uncaughtException: Error: the worker has exited
    at ThreadStream.write (webpack-internal:///(rsc)/./node_modules/thread-stream/index.js:238:19)
    at Pino.write (webpack-internal:///(rsc)/./node_modules/pino/lib/proto.js:217:10)
    at Pino.LOG (webpack-internal:///(rsc)/./node_modules/pino/lib/tools.js:71:21)
    at Pino.logMethod (webpack-internal:///(rsc)/./lib/logger.ts:88:27)
    at Pino.hookWrappedLog [as info] (webpack-internal:///(rsc)/./node_modules/pino/lib/tools.js:37:10)
    at HealthMonitor.runAllHealthChecks (webpack-internal:///(rsc)/./lib/monitoring/health-monitor.ts:119:57)
    at async Timeout.eval [as _onTimeout] (webpack-internal:///(rsc)/./lib/monitoring/health-monitor.ts:254:17)
Error: the worker has exited
    at ThreadStream.write (webpack-internal:///(rsc)/./node_modules/thread-stream/index.js:238:19)
    at Pino.write (webpack-internal:///(rsc)/./node_modules/pino/lib/proto.js:217:10)
    at Pino.LOG (webpack-internal:///(rsc)/./node_modules/pino/lib/tools.js:71:21)
    at Pino.logMethod (webpack-internal:///(rsc)/./lib/logger.ts:88:27)
    at Pino.hookWrappedLog [as info] (webpack-internal:///(rsc)/./node_modules/pino/lib/tools.js:37:10)
    at HealthMonitor.runAllHealthChecks (webpack-internal:///(rsc)/./lib/monitoring/health-monitor.ts:119:57)
    at async Timeout.eval [as _onTimeout] (webpack-internal:///(rsc)/./lib/monitoring/health-monitor.ts:254:17)
 ⨯ uncaughtException: Error: the worker has exited
    at ThreadStream.write (webpack-internal:///(rsc)/./node_modules/thread-stream/index.js:238:19)
    at Pino.write (webpack-internal:///(rsc)/./node_modules/pino/lib/proto.js:217:10)
    at Pino.LOG (webpack-internal:///(rsc)/./node_modules/pino/lib/tools.js:71:21)
    at Pino.logMethod (webpack-internal:///(rsc)/./lib/logger.ts:88:27)
    at Pino.hookWrappedLog [as info] (webpack-internal:///(rsc)/./node_modules/pino/lib/tools.js:37:10)
    at HealthMonitor.runAllHealthChecks (webpack-internal:///(rsc)/./lib/monitoring/health-monitor.ts:119:57)
    at async Timeout.eval [as _onTimeout] (webpack-internal:///(rsc)/./lib/monitoring/health-monitor.ts:254:17)
 ⨯ uncaughtException: Error: the worker has exited
    at ThreadStream.write (webpack-internal:///(rsc)/./node_modules/thread-stream/index.js:238:19)
    at Pino.write (webpack-internal:///(rsc)/./node_modules/pino/lib/proto.js:217:10)
    at Pino.LOG (webpack-internal:///(rsc)/./node_modules/pino/lib/tools.js:71:21)
    at Pino.logMethod (webpack-internal:///(rsc)/./lib/logger.ts:88:27)
    at Pino.hookWrappedLog [as info] (webpack-internal:///(rsc)/./node_modules/pino/lib/tools.js:37:10)
    at HealthMonitor.runAllHealthChecks (webpack-internal:///(rsc)/./lib/monitoring/health-monitor.ts:119:57)
    at async Timeout.eval [as _onTimeout] (webpack-internal:///(rsc)/./lib/monitoring/health-monitor.ts:254:17)
Error: the worker has exited
    at ThreadStream.write (webpack-internal:///(rsc)/./node_modules/thread-stream/index.js:238:19)
    at Pino.write (webpack-internal:///(rsc)/./node_modules/pino/lib/proto.js:217:10)
    at Pino.LOG (webpack-internal:///(rsc)/./node_modules/pino/lib/tools.js:71:21)
    at Pino.logMethod (webpack-internal:///(rsc)/./lib/logger.ts:88:27)
    at Pino.hookWrappedLog [as info] (webpack-internal:///(rsc)/./node_modules/pino/lib/tools.js:37:10)
    at HealthMonitor.runAllHealthChecks (webpack-internal:///(rsc)/./lib/monitoring/health-monitor.ts:119:57)
    at async Timeout.eval [as _onTimeout] (webpack-internal:///(rsc)/./lib/monitoring/health-monitor.ts:254:17)
 ⨯ uncaughtException: Error: the worker has exited
    at ThreadStream.write (webpack-internal:///(rsc)/./node_modules/thread-stream/index.js:238:19)
    at Pino.write (webpack-internal:///(rsc)/./node_modules/pino/lib/proto.js:217:10)
    at Pino.LOG (webpack-internal:///(rsc)/./node_modules/pino/lib/tools.js:71:21)
    at Pino.logMethod (webpack-internal:///(rsc)/./lib/logger.ts:88:27)
    at Pino.hookWrappedLog [as info] (webpack-internal:///(rsc)/./node_modules/pino/lib/tools.js:37:10)
    at HealthMonitor.runAllHealthChecks (webpack-internal:///(rsc)/./lib/monitoring/health-monitor.ts:119:57)
    at async Timeout.eval [as _onTimeout] (webpack-internal:///(rsc)/./lib/monitoring/health-monitor.ts:254:17)
 ⨯ uncaughtException: Error: the worker has exited
    at ThreadStream.write (webpack-internal:///(rsc)/./node_modules/thread-stream/index.js:238:19)
    at Pino.write (webpack-internal:///(rsc)/./node_modules/pino/lib/proto.js:217:10)
    at Pino.LOG (webpack-internal:///(rsc)/./node_modules/pino/lib/tools.js:71:21)
    at Pino.logMethod (webpack-internal:///(rsc)/./lib/logger.ts:88:27)
    at Pino.hookWrappedLog [as info] (webpack-internal:///(rsc)/./node_modules/pino/lib/tools.js:37:10)
    at HealthMonitor.runAllHealthChecks (webpack-internal:///(rsc)/./lib/monitoring/health-monitor.ts:119:57)
    at async Timeout.eval [as _onTimeout] (webpack-internal:///(rsc)/./lib/monitoring/health-monitor.ts:254:17)
